current directory: D:/Documents/Personal Webpage/AndrewQingHe.github.io/vendor/bundle/ruby/3.3.0/gems/wdm-0.2.0/ext/wdm
C:/Ruby33-x64/bin/ruby.exe extconf.rb
checking for -lkernel32... yes
checking for windows.h... yes
creating Makefile

current directory: D:/Documents/Personal Webpage/AndrewQingHe.github.io/vendor/bundle/ruby/3.3.0/gems/wdm-0.2.0/ext/wdm
make DESTDIR\= sitearchdir\=./.gem.20260607-20948-vvxg76 sitelibdir\=./.gem.20260607-20948-vvxg76 clean

current directory: D:/Documents/Personal Webpage/AndrewQingHe.github.io/vendor/bundle/ruby/3.3.0/gems/wdm-0.2.0/ext/wdm
make DESTDIR\= sitearchdir\=./.gem.20260607-20948-vvxg76 sitelibdir\=./.gem.20260607-20948-vvxg76
generating wdm_ext-x64-mingw-ucrt.def
compiling entry.c
compiling memory.c
compiling monitor.c
compiling queue.c
compiling rb_change.c
compiling rb_monitor.c
compiling utils.c
compiling wdm.c
linking shared-object wdm_ext.so

current directory: D:/Documents/Personal Webpage/AndrewQingHe.github.io/vendor/bundle/ruby/3.3.0/gems/wdm-0.2.0/ext/wdm
make DESTDIR\= sitearchdir\=./.gem.20260607-20948-vvxg76 sitelibdir\=./.gem.20260607-20948-vvxg76 install
/usr/bin/install -c -m 0755 wdm_ext.so ./.gem.20260607-20948-vvxg76

current directory: D:/Documents/Personal Webpage/AndrewQingHe.github.io/vendor/bundle/ruby/3.3.0/gems/wdm-0.2.0/ext/wdm
make DESTDIR\= sitearchdir\=./.gem.20260607-20948-vvxg76 sitelibdir\=./.gem.20260607-20948-vvxg76 clean
