current directory: D:/Documents/Personal Webpage/AndrewQingHe.github.io/vendor/bundle/ruby/3.1.0/gems/ffi-1.15.5/ext/ffi_c
C:/Ruby31-x64/bin/ruby.exe -I C:/Ruby31-x64/lib/ruby/3.1.0 extconf.rb
checking for ffi.h... no
checking for ffi.h in /usr/local/include,/usr/include/ffi,/Library/Developer/CommandLineTools/SDKs/MacOSX.sdk/usr/include/ffi,/Applications/Xcode.app/Contents/Developer/Platforms/MacOSX.platform/Developer/SDKs/MacOSX.sdk/usr/include/ffi... no
checking for whether -Wl,--exclude-libs,ALL is accepted as LDFLAGS... yes
checking for whether -pthread is accepted as LDFLAGS... yes
creating extconf.h
creating Makefile

current directory: D:/Documents/Personal Webpage/AndrewQingHe.github.io/vendor/bundle/ruby/3.1.0/gems/ffi-1.15.5/ext/ffi_c
make DESTDIR\= sitearchdir\=./.gem.20260607-24112-v6et3a sitelibdir\=./.gem.20260607-24112-v6et3a clean
bash.exe: warning: could not find /tmp, please create!

current directory: D:/Documents/Personal Webpage/AndrewQingHe.github.io/vendor/bundle/ruby/3.1.0/gems/ffi-1.15.5/ext/ffi_c
make DESTDIR\= sitearchdir\=./.gem.20260607-24112-v6et3a sitelibdir\=./.gem.20260607-24112-v6et3a
generating ffi_c-x64-mingw-ucrt.def
bash.exe: warning: could not find /tmp, please create!
bash.exe: warning: could not find /tmp, please create!
/bin/sh: -c: line 1: syntax error near unexpected token `('
/bin/sh: -c: line 1: `mkdir -p "/d/Documents/Personal Webpage/AndrewQingHe.github.io/vendor/bundle/ruby/3.1.0/gems/ffi-1.15.5/ext/ffi_c/libffi-x64-mingw-ucrt" ""/d/Documents/Personal(D)"'
make: *** [libffi.mk:6: "/d/Documents/Personal] Error 2

make failed, exit code 2
